$ /Users/kenglien/robo-cup/.venv/bin/python train_ppo.py --seed 0 --save /Users/kenglien/robo-cup/python/experiment_outputs/ablation_minimal/checkpoints/baseline_original_seed0.pt --total-steps 24576 --n-envs 4 --horizon 128 --epochs 4 --batch-size 128 --action-repeat 4 --action-smoothness-coef 0.002 --max-steps 600 --num-active-opponents 2 --reward-source corrupted --random-ball-prob 0.0 --teammate-spacing-scale 0.0

[stdout]
[train] n_envs=4  horizon=128  steps/update=512  updates=48  action_repeat=4  random_ball_prob=0.00  reward_source=corrupted  team_spacing_scale=0.000  physics_ticks_total=98,304
[upd    1/48] step=     512  sps=  2218  ep_ret=+0.000  ep_len=0  goals=+0/-0  pi_l=-0.0357  v_l=3.5609  ent=+5.026  kl=+0.0230  clip=0.21  lr=3.0e-04  [KL-stop]
[upd    2/48] step=    1024  sps=  2528  ep_ret=-3.387  ep_len=150  goals=+0/-0  pi_l=-0.0426  v_l=0.1507  ent=+5.024  kl=+0.0112  clip=0.15  lr=2.9e-04
[upd    3/48] step=    1536  sps=  2716  ep_ret=-2.996  ep_len=147  goals=+0/-1  pi_l=-0.0327  v_l=0.1429  ent=+5.021  kl=+0.0086  clip=0.12  lr=2.9e-04
[upd    4/48] step=    2048  sps=  2804  ep_ret=-2.764  ep_len=150  goals=+0/-0  pi_l=-0.0427  v_l=0.0587  ent=+5.023  kl=+0.0127  clip=0.15  lr=2.8e-04
[upd    5/48] step=    2560  sps=  2897  ep_ret=-1.908  ep_len=148  goals=+0/-1  pi_l=-0.0379  v_l=0.0722  ent=+5.029  kl=+0.0130  clip=0.16  lr=2.7e-04
[upd    6/48] step=    3072  sps=  2946  ep_ret=-1.416  ep_len=150  goals=+0/-0  pi_l=-0.0378  v_l=0.0732  ent=+5.027  kl=+0.0062  clip=0.12  lr=2.7e-04
[upd    7/48] step=    3584  sps=  2997  ep_ret=-0.358  ep_len=150  goals=+0/-0  pi_l=-0.0376  v_l=0.0498  ent=+5.022  kl=+0.0181  clip=0.15  lr=2.6e-04  [KL-stop]
[upd    8/48] step=    4096  sps=  3037  ep_ret=-2.657  ep_len=150  goals=+0/-0  pi_l=-0.0404  v_l=0.1120  ent=+5.018  kl=+0.0188  clip=0.19  lr=2.6e-04  [KL-stop]
[upd    9/48] step=    4608  sps=  3039  ep_ret=-3.780  ep_len=150  goals=+0/-0  pi_l=-0.0406  v_l=0.0679  ent=+5.018  kl=+0.0023  clip=0.15  lr=2.5e-04
[upd   10/48] step=    5120  sps=  3047  ep_ret=-2.731  ep_len=150  goals=+0/-0  pi_l=-0.0346  v_l=0.1328  ent=+5.021  kl=+0.0049  clip=0.13  lr=2.4e-04
[upd   11/48] step=    5632  sps=  3072  ep_ret=-1.685  ep_len=150  goals=+0/-0  pi_l=-0.0375  v_l=0.0523  ent=+5.020  kl=+0.0085  clip=0.15  lr=2.4e-04
[upd   12/48] step=    6144  sps=  3104  ep_ret=-3.606  ep_len=150  goals=+0/-0  pi_l=-0.0345  v_l=0.0758  ent=+5.022  kl=+0.0153  clip=0.14  lr=2.3e-04  [KL-stop]
[upd   13/48] step=    6656  sps=  3123  ep_ret=-2.671  ep_len=150  goals=+0/-0  pi_l=-0.0387  v_l=0.1079  ent=+5.022  kl=+0.0115  clip=0.14  lr=2.2e-04
[upd   14/48] step=    7168  sps=  3141  ep_ret=-3.044  ep_len=150  goals=+0/-0  pi_l=-0.0343  v_l=0.1053  ent=+5.018  kl=+0.0112  clip=0.11  lr=2.2e-04
[upd   15/48] step=    7680  sps=  3154  ep_ret=-2.657  ep_len=149  goals=+0/-1  pi_l=-0.0388  v_l=0.0999  ent=+5.010  kl=+0.0125  clip=0.14  lr=2.1e-04
[upd   16/48] step=    8192  sps=  3156  ep_ret=-0.261  ep_len=150  goals=+0/-0  pi_l=-0.0356  v_l=0.1739  ent=+5.001  kl=+0.0050  clip=0.09  lr=2.1e-04
[upd   17/48] step=    8704  sps=  3159  ep_ret=-1.527  ep_len=148  goals=+0/-1  pi_l=-0.0366  v_l=0.0608  ent=+5.000  kl=+0.0058  clip=0.13  lr=2.0e-04
[upd   18/48] step=    9216  sps=  3167  ep_ret=-2.826  ep_len=147  goals=+0/-1  pi_l=-0.0353  v_l=0.0611  ent=+4.997  kl=-0.0033  clip=0.15  lr=1.9e-04
[upd   19/48] step=    9728  sps=  3161  ep_ret=-3.269  ep_len=147  goals=+0/-1  pi_l=-0.0315  v_l=0.0724  ent=+4.991  kl=-0.0015  clip=0.10  lr=1.9e-04
[upd   20/48] step=   10240  sps=  3102  ep_ret=-1.921  ep_len=134  goals=+1/-1  pi_l=-0.0305  v_l=0.2185  ent=+4.990  kl=+0.0108  clip=0.09  lr=1.8e-04
[upd   21/48] step=   10752  sps=  3082  ep_ret=-2.128  ep_len=150  goals=+0/-0  pi_l=-0.0322  v_l=0.1516  ent=+4.986  kl=+0.0084  clip=0.13  lr=1.7e-04
[upd   22/48] step=   11264  sps=  3081  ep_ret=-0.037  ep_len=150  goals=+0/-0  pi_l=-0.0272  v_l=0.2380  ent=+4.985  kl=+0.0022  clip=0.08  lr=1.7e-04
[upd   23/48] step=   11776  sps=  2931  ep_ret=-1.798  ep_len=130  goals=+1/-2  pi_l=-0.0345  v_l=0.3301  ent=+4.985  kl=+0.0065  clip=0.11  lr=1.6e-04
[upd   24/48] step=   12288  sps=  2931  ep_ret=-1.878  ep_len=150  goals=+0/-0  pi_l=-0.0292  v_l=0.1590  ent=+4.982  kl=+0.0110  clip=0.08  lr=1.6e-04
[upd   25/48] step=   12800  sps=  2916  ep_ret=+0.188  ep_len=150  goals=+0/-0  pi_l=-0.0299  v_l=0.0921  ent=+4.976  kl=+0.0016  clip=0.08  lr=1.5e-04
[upd   26/48] step=   13312  sps=  2919  ep_ret=-3.598  ep_len=147  goals=+0/-2  pi_l=-0.0291  v_l=0.0929  ent=+4.975  kl=+0.0009  clip=0.09  lr=1.4e-04
[upd   27/48] step=   13824  sps=  2906  ep_ret=-0.321  ep_len=150  goals=+0/-0  pi_l=-0.0315  v_l=0.1088  ent=+4.974  kl=+0.0037  clip=0.07  lr=1.4e-04
[upd   28/48] step=   14336  sps=  2905  ep_ret=+0.186  ep_len=150  goals=+0/-0  pi_l=-0.0298  v_l=0.1562  ent=+4.970  kl=+0.0025  clip=0.07  lr=1.3e-04
[upd   29/48] step=   14848  sps=  2912  ep_ret=-1.036  ep_len=150  goals=+0/-0  pi_l=-0.0274  v_l=0.0775  ent=+4.971  kl=+0.0064  clip=0.06  lr=1.2e-04
[upd   30/48] step=   15360  sps=  2914  ep_ret=-3.486  ep_len=147  goals=+0/-1  pi_l=-0.0286  v_l=0.1045  ent=+4.976  kl=+0.0012  clip=0.07  lr=1.2e-04
[upd   31/48] step=   15872  sps=  2832  ep_ret=-0.930  ep_len=150  goals=+0/-0  pi_l=-0.0308  v_l=0.0704  ent=+4.978  kl=+0.0093  clip=0.07  lr=1.1e-04
[upd   32/48] step=   16384  sps=  2828  ep_ret=-2.552  ep_len=150  goals=+0/-0  pi_l=-0.0213  v_l=0.0754  ent=+4.978  kl=+0.0064  clip=0.04  lr=1.1e-04
[upd   33/48] step=   16896  sps=  2737  ep_ret=-2.703  ep_len=150  goals=+0/-0  pi_l=-0.0220  v_l=0.0746  ent=+4.977  kl=+0.0021  clip=0.06  lr=1.0e-04
[upd   34/48] step=   17408  sps=  2729  ep_ret=-2.404  ep_len=150  goals=+0/-0  pi_l=-0.0231  v_l=0.1167  ent=+4.976  kl=+0.0008  clip=0.02  lr=9.4e-05
[upd   35/48] step=   17920  sps=  2735  ep_ret=-0.224  ep_len=150  goals=+0/-0  pi_l=-0.0197  v_l=0.1817  ent=+4.975  kl=+0.0037  clip=0.01  lr=8.7e-05
[upd   36/48] step=   18432  sps=  2745  ep_ret=-0.460  ep_len=150  goals=+0/-0  pi_l=-0.0201  v_l=0.1541  ent=+4.973  kl=+0.0049  clip=0.02  lr=8.1e-05
[upd   37/48] step=   18944  sps=  2749  ep_ret=-2.073  ep_len=150  goals=+0/-0  pi_l=-0.0241  v_l=0.1215  ent=+4.972  kl=+0.0039  clip=0.04  lr=7.5e-05
[upd   38/48] step=   19456  sps=  2759  ep_ret=+0.338  ep_len=150  goals=+0/-0  pi_l=-0.0159  v_l=0.0814  ent=+4.972  kl=+0.0005  clip=0.01  lr=6.9e-05
[upd   39/48] step=   19968  sps=  2768  ep_ret=-0.733  ep_len=150  goals=+0/-0  pi_l=-0.0171  v_l=0.0406  ent=+4.972  kl=-0.0018  clip=0.01  lr=6.3e-05
[upd   40/48] step=   20480  sps=  2774  ep_ret=-2.196  ep_len=147  goals=+0/-1  pi_l=-0.0176  v_l=0.1702  ent=+4.975  kl=+0.0019  clip=0.01  lr=5.6e-05
[upd   41/48] step=   20992  sps=  2772  ep_ret=-3.380  ep_len=150  goals=+0/-0  pi_l=-0.0134  v_l=0.0678  ent=+4.976  kl=+0.0035  clip=0.01  lr=5.0e-05
[upd   42/48] step=   21504  sps=  2778  ep_ret=-3.946  ep_len=150  goals=+0/-0  pi_l=-0.0134  v_l=0.1529  ent=+4.977  kl=-0.0008  clip=0.00  lr=4.4e-05
[upd   43/48] step=   22016  sps=  2781  ep_ret=-2.833  ep_len=150  goals=+0/-0  pi_l=-0.0099  v_l=0.0871  ent=+4.977  kl=-0.0009  clip=0.00  lr=3.7e-05
[upd   44/48] step=   22528  sps=  2789  ep_ret=-4.154  ep_len=149  goals=+0/-1  pi_l=-0.0098  v_l=0.1408  ent=+4.975  kl=+0.0026  clip=0.00  lr=3.1e-05
[upd   45/48] step=   23040  sps=  2798  ep_ret=-3.152  ep_len=147  goals=+0/-1  pi_l=-0.0088  v_l=0.0747  ent=+4.975  kl=+0.0026  clip=0.00  lr=2.5e-05
[upd   46/48] step=   23552  sps=  2806  ep_ret=-3.346  ep_len=147  goals=+0/-1  pi_l=-0.0060  v_l=0.1314  ent=+4.974  kl=-0.0002  clip=0.00  lr=1.9e-05
[upd   47/48] step=   24064  sps=  2814  ep_ret=-0.570  ep_len=150  goals=+0/-0  pi_l=-0.0031  v_l=0.0945  ent=+4.974  kl=+0.0002  clip=0.00  lr=1.2e-05
[upd   48/48] step=   24576  sps=  2822  ep_ret=-1.673  ep_len=150  goals=+0/-0  pi_l=-0.0021  v_l=0.1203  ent=+4.974  kl=-0.0001  clip=0.00  lr=6.3e-06
[train] saved → /Users/kenglien/robo-cup/python/experiment_outputs/ablation_minimal/checkpoints/baseline_original_seed0.pt


[stderr]

